[greatapesocialclub.com/index.html]
[greatapesocialclub.com/img/fav.png]
[backblue.gif]
[fade.gif]
[index.html]
[greatapesocialclub.com/css/animate2.css]
[cdnjs.cloudflare.com/ajax/libs/font-awesome/6.0.0-beta2/css/all.min.css]
[cdnjs.cloudflare.com/ajax/libs/font-awesome/6.0.0-beta2/css/fontawesome.min.css]
[cdnjs.cloudflare.com/ajax/libs/font-awesome/6.0.0-beta2/css/brands.min.css]
[greatapesocialclub.com/css/owl.carousel.css]
[greatapesocialclub.com/css/animate.css]
[greatapesocialclub.com/css/bootstrap.min.css]
[greatapesocialclub.com/css/style.css]
[greatapesocialclub.com/css/mint.css]
[greatapesocialclub.com/css/responsive.css]
[cdnjs.cloudflare.com/ajax/libs/sweetalert/1.1.3/sweetalert.min.css]
[greatapesocialclub.com/img/logo.png]
[greatapesocialclub.com/img/hm/home_page_picture.png]
[greatapesocialclub.com/img/1920_fin.png]
[greatapesocialclub.com/img/ab/about_page_picture.png]
[greatapesocialclub.com/img/team/22.jpg]
[greatapesocialclub.com/img/team/11.jpg]
[greatapesocialclub.com/img/team/33.jpg]
[greatapesocialclub.com/img/team/44.jpg]
[greatapesocialclub.com/img/team/Design_Team.jpg]
[greatapesocialclub.com/img/team/taras1.jpg]
[greatapesocialclub.com/img/team/55.jpg]
[greatapesocialclub.com/img/road/bnana.png]
[greatapesocialclub.com/img/road/tree.png]
[greatapesocialclub.com/js/jquery.js]
[greatapesocialclub.com/js/bootstrap.min.js]
[greatapesocialclub.com/js/owl.carousel.min.js]
[greatapesocialclub.com/js/wow.min.js]
[greatapesocialclub.com/js/main.js]
[greatapesocialclub.com/js/maisn.js]
[cdnjs.cloudflare.com/ajax/libs/sweetalert/1.1.3/sweetalert.min.js]
[unpkg.com/web3@1.2.11/dist/web3.min.js]
[unpkg.com/evm-chains@0.2.0/dist/umd/index.min.js]
[unpkg.com/@walletconnect/web3-provider@1.6.6/dist/umd/index.min.js]
[unpkg.com/fortmatic@2.0.6/dist/fortmatic.js]
[cdn.jsdelivr.net/npm/merkletreejs@latest/merkletree.js]
[cdn.jsdelivr.net/npm/keccak256@latest/keccak256.js]
[greatapesocialclub.com/dist/index.js]
[greatapesocialclub.com/js/GASC.js]
[greatapesocialclub.com/index.html]
[greatapesocialclub.com/css/animate2.css]
[cdnjs.cloudflare.com/ajax/libs/font-awesome/6.0.0-beta2/css/all.min.css]
[cdnjs.cloudflare.com/ajax/libs/font-awesome/6.0.0-beta2/css/fontawesome.min.css]
[cdnjs.cloudflare.com/ajax/libs/font-awesome/6.0.0-beta2/css/brands.min.css]
[cdnjs.cloudflare.com/ajax/libs/jquery.matchHeight/0.7.2/jquery.matchHeight-min.js]
[greatapesocialclub.com/css/owl.video.play.png]
[greatapesocialclub.com/css/owl.carousel.css]
[greatapesocialclub.com/css/animate.css]
[greatapesocialclub.com/fonts/glyphicons-halflings-regular.eot]
[greatapesocialclub.com/fonts/glyphicons-halflings-regulard41d.eot]
[greatapesocialclub.com/fonts/glyphicons-halflings-regular.woff2]
[greatapesocialclub.com/fonts/glyphicons-halflings-regular.woff]
[greatapesocialclub.com/fonts/glyphicons-halflings-regular.ttf]
[greatapesocialclub.com/fonts/glyphicons-halflings-regular.svg]
[greatapesocialclub.com/css/bootstrap.min.css]
[greatapesocialclub.com/fonts/BebasNeue_Bold.woff]
[greatapesocialclub.com/img/main_bg/bg.jpg]
[greatapesocialclub.com/css/style.css]
[greatapesocialclub.com/css/mint.css]
[greatapesocialclub.com/css/responsive.css]
[cdnjs.cloudflare.com/ajax/libs/sweetalert/1.1.3/sweetalert.min.css]
[greatapesocialclub.com/css/owl.video.play.html]
[greatapesocialclub.com/fonts/glyphicons-halflings-regular.html]
[greatapesocialclub.com/fonts/glyphicons-halflings-regulard41d.html]
[greatapesocialclub.com/fonts/glyphicons-halflings-regular-2.html]
[greatapesocialclub.com/fonts/glyphicons-halflings-regular-3.html]
[greatapesocialclub.com/fonts/glyphicons-halflings-regular-4.html]
[greatapesocialclub.com/fonts/glyphicons-halflings-regular-5.html]
